------------------------------------------------------------
TimeQuest Timing Analyzer Summary
------------------------------------------------------------

Type  : Slow 1200mV 85C Model Setup 'UPLL|altpll_component|auto_generated|pll1|clk[0]'
Slack : -6.165
TNS   : -425.359

Type  : Slow 1200mV 85C Model Setup 'my_uart_rx:Umy_uart_rx|rx_rdy'
Slack : -3.167
TNS   : -80.301

Type  : Slow 1200mV 85C Model Setup 'clk'
Slack : 0.078
TNS   : 0.000

Type  : Slow 1200mV 85C Model Hold 'clk'
Slack : -0.093
TNS   : -0.137

Type  : Slow 1200mV 85C Model Hold 'my_uart_rx:Umy_uart_rx|rx_rdy'
Slack : 0.447
TNS   : 0.000

Type  : Slow 1200mV 85C Model Hold 'UPLL|altpll_component|auto_generated|pll1|clk[0]'
Slack : 0.466
TNS   : 0.000

Type  : Slow 1200mV 85C Model Minimum Pulse Width 'my_uart_rx:Umy_uart_rx|rx_rdy'
Slack : -1.487
TNS   : -53.532

Type  : Slow 1200mV 85C Model Minimum Pulse Width 'clk'
Slack : 9.783
TNS   : 0.000

Type  : Slow 1200mV 85C Model Minimum Pulse Width 'UPLL|altpll_component|auto_generated|pll1|clk[0]'
Slack : 11.932
TNS   : 0.000

Type  : Slow 1200mV 0C Model Setup 'UPLL|altpll_component|auto_generated|pll1|clk[0]'
Slack : -5.611
TNS   : -384.560

Type  : Slow 1200mV 0C Model Setup 'my_uart_rx:Umy_uart_rx|rx_rdy'
Slack : -2.961
TNS   : -73.389

Type  : Slow 1200mV 0C Model Setup 'clk'
Slack : 0.205
TNS   : 0.000

Type  : Slow 1200mV 0C Model Hold 'clk'
Slack : 0.023
TNS   : 0.000

Type  : Slow 1200mV 0C Model Hold 'my_uart_rx:Umy_uart_rx|rx_rdy'
Slack : 0.368
TNS   : 0.000

Type  : Slow 1200mV 0C Model Hold 'UPLL|altpll_component|auto_generated|pll1|clk[0]'
Slack : 0.420
TNS   : 0.000

Type  : Slow 1200mV 0C Model Minimum Pulse Width 'my_uart_rx:Umy_uart_rx|rx_rdy'
Slack : -1.487
TNS   : -53.532

Type  : Slow 1200mV 0C Model Minimum Pulse Width 'clk'
Slack : 9.773
TNS   : 0.000

Type  : Slow 1200mV 0C Model Minimum Pulse Width 'UPLL|altpll_component|auto_generated|pll1|clk[0]'
Slack : 11.924
TNS   : 0.000

Type  : Fast 1200mV 0C Model Setup 'UPLL|altpll_component|auto_generated|pll1|clk[0]'
Slack : -2.784
TNS   : -190.441

Type  : Fast 1200mV 0C Model Setup 'my_uart_rx:Umy_uart_rx|rx_rdy'
Slack : -0.798
TNS   : -14.645

Type  : Fast 1200mV 0C Model Setup 'clk'
Slack : 0.278
TNS   : 0.000

Type  : Fast 1200mV 0C Model Hold 'clk'
Slack : -0.224
TNS   : -1.252

Type  : Fast 1200mV 0C Model Hold 'my_uart_rx:Umy_uart_rx|rx_rdy'
Slack : 0.182
TNS   : 0.000

Type  : Fast 1200mV 0C Model Hold 'UPLL|altpll_component|auto_generated|pll1|clk[0]'
Slack : 0.192
TNS   : 0.000

Type  : Fast 1200mV 0C Model Minimum Pulse Width 'my_uart_rx:Umy_uart_rx|rx_rdy'
Slack : -1.000
TNS   : -36.000

Type  : Fast 1200mV 0C Model Minimum Pulse Width 'clk'
Slack : 9.434
TNS   : 0.000

Type  : Fast 1200mV 0C Model Minimum Pulse Width 'UPLL|altpll_component|auto_generated|pll1|clk[0]'
Slack : 11.937
TNS   : 0.000

------------------------------------------------------------
