Flow report for PLL
Thu Nov 03 10:45:22 2022
Quartus II 64-Bit Version 13.0.1 Build 232 06/12/2013 Service Pack 1 SJ Full Version


---------------------
; Table of Contents ;
---------------------
  1. Legal Notice
  2. Flow Summary
  3. Flow Settings
  4. Flow Non-Default Global Settings
  5. Flow Elapsed Time
  6. Flow OS Summary
  7. Flow Log
  8. Flow Messages
  9. Flow Suppressed Messages



----------------
; Legal Notice ;
----------------
Copyright (C) 1991-2013 Altera Corporation
Your use of Altera Corporation's design tools, logic functions 
and other software and tools, and its AMPP partner logic 
functions, and any output files from any of the foregoing 
(including device programming or simulation files), and any 
associated documentation or information are expressly subject 
to the terms and conditions of the Altera Program License 
Subscription Agreement, Altera MegaCore Function License 
Agreement, or other applicable license agreement, including, 
without limitation, that your use is for the sole purpose of 
programming logic devices manufactured by Altera and sold by 
Altera or its authorized distributors.  Please refer to the 
applicable agreement for further details.



+---------------------------------------------------------------------------------------+
; Flow Summary                                                                          ;
+------------------------------------+--------------------------------------------------+
; Flow Status                        ; Successful - Thu Nov 03 10:45:16 2022            ;
; Quartus II 64-Bit Version          ; 13.0.1 Build 232 06/12/2013 SP 1 SJ Full Version ;
; Revision Name                      ; PLL                                              ;
; Top-level Entity Name              ; pll_top                                          ;
; Family                             ; Cyclone IV E                                     ;
; Device                             ; EP4CE6E22C8                                      ;
; Timing Models                      ; Final                                            ;
; Total logic elements               ; 254 / 6,272 ( 4 % )                              ;
;     Total combinational functions  ; 223 / 6,272 ( 4 % )                              ;
;     Dedicated logic registers      ; 194 / 6,272 ( 3 % )                              ;
; Total registers                    ; 194                                              ;
; Total pins                         ; 71 / 92 ( 77 % )                                 ;
; Total virtual pins                 ; 0                                                ;
; Total memory bits                  ; 65,536 / 276,480 ( 24 % )                        ;
; Embedded Multiplier 9-bit elements ; 0 / 30 ( 0 % )                                   ;
; Total PLLs                         ; 1 / 2 ( 50 % )                                   ;
+------------------------------------+--------------------------------------------------+


+-----------------------------------------+
; Flow Settings                           ;
+-------------------+---------------------+
; Option            ; Setting             ;
+-------------------+---------------------+
; Start date & time ; 11/03/2022 10:44:54 ;
; Main task         ; Compilation         ;
; Revision Name     ; PLL                 ;
+-------------------+---------------------+


+-----------------------------------------------------------------------------------------------------------------+
; Flow Non-Default Global Settings                                                                                ;
+-------------------------------------+--------------------------------+---------------+-------------+------------+
; Assignment Name                     ; Value                          ; Default Value ; Entity Name ; Section Id ;
+-------------------------------------+--------------------------------+---------------+-------------+------------+
; COMPILER_SIGNATURE_ID               ; 88925236524971.166744349403016 ; --            ; --          ; --         ;
; IP_TOOL_NAME                        ; ALTPLL                         ; --            ; --          ; --         ;
; IP_TOOL_NAME                        ; ROM: 1-PORT                    ; --            ; --          ; --         ;
; IP_TOOL_VERSION                     ; 13.0                           ; --            ; --          ; --         ;
; IP_TOOL_VERSION                     ; 13.0                           ; --            ; --          ; --         ;
; MAX_CORE_JUNCTION_TEMP              ; 85                             ; --            ; --          ; --         ;
; MIN_CORE_JUNCTION_TEMP              ; 0                              ; --            ; --          ; --         ;
; MISC_FILE                           ; PLL.bsf                        ; --            ; --          ; --         ;
; MISC_FILE                           ; PLL_inst.v                     ; --            ; --          ; --         ;
; MISC_FILE                           ; PLL_bb.v                       ; --            ; --          ; --         ;
; MISC_FILE                           ; PLL.inc                        ; --            ; --          ; --         ;
; MISC_FILE                           ; PLL.cmp                        ; --            ; --          ; --         ;
; MISC_FILE                           ; PLL.ppf                        ; --            ; --          ; --         ;
; MISC_FILE                           ; ../Source/pwm.bsf              ; --            ; --          ; --         ;
; MISC_FILE                           ; ../Source/pwm_inst.v           ; --            ; --          ; --         ;
; MISC_FILE                           ; ../Source/pwm_bb.v             ; --            ; --          ; --         ;
; MISC_FILE                           ; ../Source/pwm.inc              ; --            ; --          ; --         ;
; MISC_FILE                           ; ../Source/pwm.cmp              ; --            ; --          ; --         ;
; OUTPUT_IO_TIMING_FAR_END_VMEAS      ; Half Signal Swing              ; --            ; --          ; --         ;
; OUTPUT_IO_TIMING_FAR_END_VMEAS      ; Half Signal Swing              ; --            ; --          ; --         ;
; OUTPUT_IO_TIMING_NEAR_END_VMEAS     ; Half Vccio                     ; --            ; --          ; --         ;
; OUTPUT_IO_TIMING_NEAR_END_VMEAS     ; Half Vccio                     ; --            ; --          ; --         ;
; PARTITION_COLOR                     ; 16764057                       ; --            ; pll_top     ; Top        ;
; PARTITION_FITTER_PRESERVATION_LEVEL ; PLACEMENT_AND_ROUTING          ; --            ; pll_top     ; Top        ;
; PARTITION_NETLIST_TYPE              ; SOURCE                         ; --            ; pll_top     ; Top        ;
; PROJECT_OUTPUT_DIRECTORY            ; output_files                   ; --            ; --          ; --         ;
; TOP_LEVEL_ENTITY                    ; pll_top                        ; PLL           ; --          ; --         ;
+-------------------------------------+--------------------------------+---------------+-------------+------------+


+-------------------------------------------------------------------------------------------------------------------------------+
; Flow Elapsed Time                                                                                                             ;
+---------------------------+--------------+-------------------------+---------------------+------------------------------------+
; Module Name               ; Elapsed Time ; Average Processors Used ; Peak Virtual Memory ; Total CPU Time (on all processors) ;
+---------------------------+--------------+-------------------------+---------------------+------------------------------------+
; Analysis & Synthesis      ; 00:00:06     ; 1.0                     ; 4646 MB             ; 00:00:05                           ;
; Fitter                    ; 00:00:10     ; 1.7                     ; 5311 MB             ; 00:00:10                           ;
; Assembler                 ; 00:00:02     ; 1.0                     ; 4560 MB             ; 00:00:02                           ;
; TimeQuest Timing Analyzer ; 00:00:05     ; 1.0                     ; 4632 MB             ; 00:00:05                           ;
; Total                     ; 00:00:23     ; --                      ; --                  ; 00:00:22                           ;
+---------------------------+--------------+-------------------------+---------------------+------------------------------------+


+----------------------------------------------------------------------------------------+
; Flow OS Summary                                                                        ;
+---------------------------+------------------+-----------+------------+----------------+
; Module Name               ; Machine Hostname ; OS Name   ; OS Version ; Processor type ;
+---------------------------+------------------+-----------+------------+----------------+
; Analysis & Synthesis      ; DESKTOP-H7HP38C  ; Windows 7 ; 6.2        ; x86_64         ;
; Fitter                    ; DESKTOP-H7HP38C  ; Windows 7 ; 6.2        ; x86_64         ;
; Assembler                 ; DESKTOP-H7HP38C  ; Windows 7 ; 6.2        ; x86_64         ;
; TimeQuest Timing Analyzer ; DESKTOP-H7HP38C  ; Windows 7 ; 6.2        ; x86_64         ;
+---------------------------+------------------+-----------+------------+----------------+


------------
; Flow Log ;
------------
quartus_map --read_settings_files=on --write_settings_files=off PLL -c PLL
quartus_fit --read_settings_files=off --write_settings_files=off PLL -c PLL
quartus_asm --read_settings_files=off --write_settings_files=off PLL -c PLL
quartus_sta PLL -c PLL



