------------------------------------------------------------
TimeQuest Timing Analyzer Summary
------------------------------------------------------------

Type  : Slow 1200mV 85C Model Setup 'UPLL|altpll_component|auto_generated|pll1|clk[0]'
Slack : -7.465
TNS   : -497.931

Type  : Slow 1200mV 85C Model Setup 'my_uart_rx:Umy_uart_rx|rx_rdy'
Slack : -4.416
TNS   : -208.749

Type  : Slow 1200mV 85C Model Setup 'clk'
Slack : -0.122
TNS   : -0.143

Type  : Slow 1200mV 85C Model Hold 'clk'
Slack : 0.051
TNS   : 0.000

Type  : Slow 1200mV 85C Model Hold 'my_uart_rx:Umy_uart_rx|rx_rdy'
Slack : 0.435
TNS   : 0.000

Type  : Slow 1200mV 85C Model Hold 'UPLL|altpll_component|auto_generated|pll1|clk[0]'
Slack : 0.437
TNS   : 0.000

Type  : Slow 1200mV 85C Model Minimum Pulse Width 'my_uart_rx:Umy_uart_rx|rx_rdy'
Slack : -1.487
TNS   : -89.220

Type  : Slow 1200mV 85C Model Minimum Pulse Width 'clk'
Slack : 9.783
TNS   : 0.000

Type  : Slow 1200mV 85C Model Minimum Pulse Width 'UPLL|altpll_component|auto_generated|pll1|clk[0]'
Slack : 11.932
TNS   : 0.000

Type  : Slow 1200mV 0C Model Setup 'UPLL|altpll_component|auto_generated|pll1|clk[0]'
Slack : -6.939
TNS   : -455.016

Type  : Slow 1200mV 0C Model Setup 'my_uart_rx:Umy_uart_rx|rx_rdy'
Slack : -4.107
TNS   : -192.589

Type  : Slow 1200mV 0C Model Setup 'clk'
Slack : 0.025
TNS   : 0.000

Type  : Slow 1200mV 0C Model Hold 'clk'
Slack : 0.138
TNS   : 0.000

Type  : Slow 1200mV 0C Model Hold 'my_uart_rx:Umy_uart_rx|rx_rdy'
Slack : 0.385
TNS   : 0.000

Type  : Slow 1200mV 0C Model Hold 'UPLL|altpll_component|auto_generated|pll1|clk[0]'
Slack : 0.390
TNS   : 0.000

Type  : Slow 1200mV 0C Model Minimum Pulse Width 'my_uart_rx:Umy_uart_rx|rx_rdy'
Slack : -1.487
TNS   : -89.220

Type  : Slow 1200mV 0C Model Minimum Pulse Width 'clk'
Slack : 9.773
TNS   : 0.000

Type  : Slow 1200mV 0C Model Minimum Pulse Width 'UPLL|altpll_component|auto_generated|pll1|clk[0]'
Slack : 11.925
TNS   : 0.000

Type  : Fast 1200mV 0C Model Setup 'UPLL|altpll_component|auto_generated|pll1|clk[0]'
Slack : -3.395
TNS   : -224.279

Type  : Fast 1200mV 0C Model Setup 'my_uart_rx:Umy_uart_rx|rx_rdy'
Slack : -1.350
TNS   : -59.993

Type  : Fast 1200mV 0C Model Setup 'clk'
Slack : 0.193
TNS   : 0.000

Type  : Fast 1200mV 0C Model Hold 'clk'
Slack : -0.159
TNS   : -1.124

Type  : Fast 1200mV 0C Model Hold 'UPLL|altpll_component|auto_generated|pll1|clk[0]'
Slack : 0.177
TNS   : 0.000

Type  : Fast 1200mV 0C Model Hold 'my_uart_rx:Umy_uart_rx|rx_rdy'
Slack : 0.179
TNS   : 0.000

Type  : Fast 1200mV 0C Model Minimum Pulse Width 'my_uart_rx:Umy_uart_rx|rx_rdy'
Slack : -1.000
TNS   : -60.000

Type  : Fast 1200mV 0C Model Minimum Pulse Width 'clk'
Slack : 9.434
TNS   : 0.000

Type  : Fast 1200mV 0C Model Minimum Pulse Width 'UPLL|altpll_component|auto_generated|pll1|clk[0]'
Slack : 11.942
TNS   : 0.000

------------------------------------------------------------
